Git Installation Link on below Machines

=> MAC
=> Windows
=> Linux

Link: https://gist.github.com/derhuerst/1b15ff4652a867391f03

Git Config User:

git config --global user.name "Rameshkrishnan Geddy Sekar"
git config --global user.email "gsrameshkrishnan@gmail.com"


Help commands

git help

git help <command>  (will open an new browser window) (Ex: git help add)


Create First Project in Git:

Initialize empty git repo:

git init

First Commit in Git

Rameshkrishnans-MacBook-Pro:DevOps rkgs$ git status
On branch master

No commits yet

Untracked files:
  (use "git add <file>..." to include in what will be committed)
	Install-GIT.odp
	Resources.txt
	~$Install-GIT.odp

nothing added to commit but untracked files present (use "git add" to track)
Rameshkrishnans-MacBook-Pro:DevOps rkgs$ 


Rameshkrishnans-MacBook-Pro:DevOps rkgs$ git add Resources.txt 
Rameshkrishnans-MacBook-Pro:DevOps rkgs$ clear

Rameshkrishnans-MacBook-Pro:DevOps rkgs$ git status
On branch master

No commits yet

Changes to be committed:
  (use "git rm --cached <file>..." to unstage)
	new file:   Resources.txt

Untracked files:
  (use "git add <file>..." to include in what will be committed)
	Install-GIT.odp
	~$Install-GIT.odp

Rameshkrishnans-MacBook-Pro:DevOps rkgs$ 

