Git Installation Link on below Machines

=> MAC
=> Windows
=> Linux

Link: https://gist.github.com/derhuerst/1b15ff4652a867391f03

Git Config User:

git config --global user.name "Rameshkrishnan Geddy Sekar"
git config --global user.email "gsrameshkrishnan@gmail.com"


Help commands

git help

git help <command>  (will open an new browser window) (Ex: git help add)


Create First Project in Git:

Initialize empty git repo:

git init

First Commit in Git

Rameshkrishnans-MacBook-Pro:DevOps rkgs$ git status
On branch master

No commits yet

Untracked files:
  (use "git add <file>..." to include in what will be committed)
	Install-GIT.odp
	Resources.txt
	~$Install-GIT.odp

nothing added to commit but untracked files present (use "git add" to track)
Rameshkrishnans-MacBook-Pro:DevOps rkgs$ 


Rameshkrishnans-MacBook-Pro:DevOps rkgs$ git add Resources.txt 
Rameshkrishnans-MacBook-Pro:DevOps rkgs$ clear

Rameshkrishnans-MacBook-Pro:DevOps rkgs$ git status
On branch master

No commits yet

Changes to be committed:
  (use "git rm --cached <file>..." to unstage)
	new file:   Resources.txt

Untracked files:
  (use "git add <file>..." to include in what will be committed)
	Install-GIT.odp
	~$Install-GIT.odp

Rameshkrishnans-MacBook-Pro:DevOps rkgs$ 


=========================================
Adding files and Git logs


Rameshkrishnans-MacBook-Pro:DevOps rkgs$ git status
On branch master
Changes to be committed:
  (use "git restore --staged <file>..." to unstage)
	modified:   git_resource.txt

Untracked files:
  (use "git add <file>..." to include in what will be committed)
	Install-GIT.odp
	~$Install-GIT.odp

Rameshkrishnans-MacBook-Pro:DevOps rkgs$ git commit -m "git commit add logs"
[master 0f2f156] git commit add logs
 1 file changed, 6 insertions(+)
Rameshkrishnans-MacBook-Pro:DevOps rkgs$ git status
On branch master
Untracked files:
  (use "git add <file>..." to include in what will be committed)
	Install-GIT.odp
	~$Install-GIT.odp

nothing added to commit but untracked files present (use "git add" to track)
Rameshkrishnans-MacBook-Pro:DevOps rkgs$
Rameshkrishnans-MacBook-Pro:DevOps rkgs$ git log
commit 0f2f156b26c3e306562690cafb32f1ff93142121 (HEAD -> master)
Author: Rameshkrishnan Geddy Sekar <gsrameshkrishnan@gmail.com>
Date:   Fri Feb 21 13:15:15 2020 +0530

    git commit add logs

commit 81a3b19f4951eaac2f40539d5f7780ed77f25432
Author: Rameshkrishnan Geddy Sekar <gsrameshkrishnan@gmail.com>
Date:   Fri Feb 21 13:08:49 2020 +0530

    my first git commit

==============================================

Configure the TextMate 2 as default git text editor

git config --global core.editor "mate -w"

==============================================

Usage of git diff to verify the changes 

git diff

Rameshkrishnans-MacBook-Pro:DevOps rkgs$ git status
On branch master
Changes not staged for commit:
  (use "git add <file>..." to update what will be committed)
  (use "git restore <file>..." to discard changes in working directory)
	modified:   git_resource.txt

Untracked files:
  (use "git add <file>..." to include in what will be committed)
	.DS_Store
	Install-GIT.odp
	TextMate_2.0.6.tbz

no changes added to commit (use "git add" and/or "git commit -a")
Rameshkrishnans-MacBook-Pro:DevOps rkgs$ git diff
diff --git a/git_resource.txt b/git_resource.txt
index 1c6ffd2..e04bb85 100644
--- a/git_resource.txt
+++ b/git_resource.txt
@@ -107,3 +107,12 @@ Date:   Fri Feb 21 13:08:49 2020 +0530
 Configure the TextMate 2 as default git text editor
 
 git config --global core.editor "mate -w"
+
+==============================================
+
+Usage of git diff to verify the changes 
+
+git diff
+
+===============================================


===============================================

To verify the changes which is staged already

git diff --staged 

this command will help to display the difference between working area and staging area

===============================================

Delete a file using OS and Git

If we delete a file using OS commands we need to specifically use "git add <deleted file>"

if we use the git rm command to delete the file it is not required and is the safe way to remove file from git

===============================================

